Swage:
	05.12.2021_13_35_10.csv
	07.30.2020_14_07_49.csv
	05.11.2021_09_49_40.csv
Tension:
	data_24.03.2021_09_30_09.out
	data_28.01.2020_09_44_37.out
	data_26.01.2021_14_40_11.out
	data_11.12.2019_14_45_16.out
	data_31.03.2021_09_21_47.out
	data_04.03.2021_09_56_45.out
	data_28.01.2020_09_39_19.out
	data_27.01.2020_16_47_04.out
	data_28.01.2020_09_24_48.out
	data_09.12.2020_13_48_38.out
	data_28.01.2020_09_14_22.out
	data_08.11.2019_17_11_45.out
	data_28.01.2020_09_17_00.out
	data_28.01.2020_10_49_43.out
	data_28.01.2020_14_59_22.out
	data_28.01.2020_09_57_40.out
	data_25.01.2021_08_32_16.out
	data_25.01.2021_08_41_20.out
	data_28.01.2020_09_50_00.out
	data_28.01.2020_09_18_46.out
	data_17.02.2021_13_58_35.out
	data_23.03.2021_14_21_30.out
	data_28.01.2020_09_26_46.out
	data_28.01.2020_10_02_06.out
	data_18.02.2021_10_00_11.out
	data_28.01.2020_14_26_30.out
	data_08.09.2020_13_27_04.out
	data_28.01.2020_09_23_48.out
	data_31.01.2020_15_55_51.out
	data_17.01.2020_13_58_16.out
	data_06.11.2019_13_07_36.out
	data_31.01.2020_15_50_51.out
	data_28.12.2020_12_45_49.out
	data_28.01.2020_13_39_16.out
	data_09.12.2020_13_59_31.out
	data_28.01.2020_00_00_00.out
	data_28.01.2020_14_47_43.out
	data_17.06.2019_14_33_22.out
	data_28.01.2020_09_48_14.out
	data_17.08.2020_10_30_51.out
	data_28.01.2020_09_21_41.out
	data_28.01.2020_14_01_22.out
Leak:
	MSU00663_812202012-09-01 PM.txt
	MSU00112.txt
	MSU00215_12122019.txt
	MSU00172.txt
	MSU00177_11262019.txt
	MSU00663_81220202-24-27 PM.txt
	MSU00171.txt
	MSU00208_12112019.txt
	MSU00148_11262019.txt
	MSU00705_8122020.txt
	MSU00162.txt
	MSU00116.txt
	MSU00789_9120205-19-55 PM.txt
	MSU00716_812202012-21-02 PM.txt
	MSU00140.txt
	MSU00657_81220201-18-11 PM.txt
	MSU00211_12112019.txt
	MSU00117_11262019.txt
	MSU00682_812202011-50-20 AM.txt
	MSU00663_81220202-26-55 PM.txt
	MSU00161.txt
	MSU00150_11262019.txt
	MSU00657_81220201-43-53 PM.txt
	MSU00684_81220201-33-38 PM.txt
	MSU00149.txt
	MSU00182.txt
	MSU00164.txt
	MSU00776_81920201-08-24 PM.txt
	MSU00777_82420201-38-47 PM.txt
	MSU00705_812202011-13-01 AM.txt
	MSU00147_11262019.txt
	MSU00122.txt
	MSU00120.txt
	MSU00209_12112019.txt
	MSU00716_81220202-04-59 PM.txt
	MSU00121.txt
	MSU00119.txt
	MSU00104.txt
	MSU00782_82620202-25-55 PM.txt
	MSU00128.txt
	MSU00783_827202012-36-21 PM.txt
	MSU00682_81220201-28-50 PM.txt
	MSU00118_11262019.txt
	MSU00705_812202011-17-40 AM.txt
	MSU00663_81220201-49-04 PM.txt
	MSU00160.txt
	MSU00201_11272019.txt
	MSU00785_82720201-41-55 PM.txt
	MSU00716_812202011-58-21 AM.txt
	MSU00780_82420204-59-30 PM.txt
	MSU00716_81220201-38-34 PM.txt
	MSU00109_11262019.txt
	MSU00657_812202011-41-48 AM.txt
	MSU00716_81220202-44-32 PM.txt
	MSU00705_812202011-28-59 AM.txt
	MSU00663_81220201-22-52 PM.txt
	MSU00180.txt
	MSU00778_82420202-26-52 PM.txt
	MSU00180_11262019.txt
	MSU00684_812202012-39-11 PM.txt
	MSU00163.txt
	MSU00705_812202011-08-36 AM.txt
	MSU00682_812202012-13-11 PM.txt
	MSU00684_812202012-16-55 PM.txt
	MSU00716_812202012-43-58 PM.txt
	MSU00183.txt
	MSU00705_812202011-22-59 AM.txt
	MSU00136_11262019.txt
	MSU00158.txt
	MSU00657_812202012-04-08 PM.txt
	MSU00684_81220202-00-15 PM.txt
	MSU00657_81220202-11-28 PM.txt
	MSU00101_11262019.txt
	MSU00169.txt
	MSU00206_11262019.txt
	MSU00214_12122019.txt
	MSU00232_12172019.txt
	MSU00221_12132019.txt
	MSU00684_812202011-54-20 AM.txt
	MSU00657_812202012-26-02 PM.txt
	MSU00663_812202012-30-29 PM.txt
	MSU00663_812202011-46-16 AM.txt
	MSU00152.txt
	MSU00682_812202012-35-27 PM.txt
	MSU00682_81220201-54-28 PM.txt
	MSU00114.txt
	MSU00684_81220202-39-10 PM.txt
	MSU00146_11262019.txt
	MSU00682_81220202-33-07 PM.txt
	MSU00170.txt
	MSU00110.txt
	MSU00181.txt
	MSU00778_9220201-36-57 PM.txt
DarkCurrent:
	.csv
	MSU0.BG.csv
